// Jest Snapshot v1, https://goo.gl/fbAQLP

exports[`<withActiveCoords/>:  should render correctly 1`] = `<div />`;
