// Jest Snapshot v1, https://goo.gl/fbAQLP

exports[`<withForm/>:  should render correctly 1`] = `<div />`;
